Fitter Finalize Stage Report for ghrd_agfb014r24b2e2v
Thu Jan  4 12:38:25 2024
Quartus Prime Version 22.4.0 Build 94 12/07/2022 SC Pro Edition


---------------------
; Table of Contents ;
---------------------
  1. Legal Notice
  2. Routing Usage Summary
  3. Finalize Messages



----------------
; Legal Notice ;
----------------
Copyright (C) 2022  Intel Corporation. All rights reserved.
Your use of Intel Corporation's design tools, logic functions 
and other software and tools, and any partner logic 
functions, and any output files from any of the foregoing 
(including device programming or simulation files), and any 
associated documentation or information are expressly subject 
to the terms and conditions of the Intel Program License 
Subscription Agreement, the Intel Quartus Prime License Agreement,
the Intel FPGA IP License Agreement, or other applicable license
agreement, including, without limitation, that your use is for
the sole purpose of programming logic devices manufactured by
Intel and sold by Intel or its authorized distributors.  Please
refer to the applicable agreement for further details, at
https://fpgasoftware.intel.com/eula.



+------------------------------------------------------------+
; Routing Usage Summary                                      ;
+-----------------------------+------------------------------+
; Routing Resource Type       ; Usage                        ;
+-----------------------------+------------------------------+
; Block Input Mux Wrapbacks   ; 19 / 516,600 ( < 1 % )       ;
; Block Input Muxes           ; 73,736 / 5,658,000 ( 1 % )   ;
; Block interconnects         ; 57,102 / 6,625,600 ( < 1 % ) ;
; C1 interconnects            ; 24,429 / 2,769,200 ( < 1 % ) ;
; C4 interconnects            ; 9,340 / 2,640,400 ( < 1 % )  ;
; C8 interconnects            ; 317 / 264,040 ( < 1 % )      ;
; DCM_muxes                   ; 4 / 824 ( < 1 % )            ;
; DELAY_CHAINs                ; 2 / 17,290 ( < 1 % )         ;
; Direct links                ; 10,181 / 6,625,600 ( < 1 % ) ;
; HIO Buffers                 ; 0 / 45,920 ( 0 % )           ;
; Programmable Invert Buffers ; 2 / 480 ( < 1 % )            ;
; Programmable Invert Inputs  ; 2,925 / 513,810 ( < 1 % )    ;
; Programmable Inverts        ; 2,925 / 513,810 ( < 1 % )    ;
; R0 interconnects            ; 32,921 / 4,620,700 ( < 1 % ) ;
; R1 interconnects            ; 16,680 / 2,640,400 ( < 1 % ) ;
; R12 interconnects           ; 217 / 396,060 ( < 1 % )      ;
; R2 interconnects            ; 5,885 / 1,324,300 ( < 1 % )  ;
; R4 interconnects            ; 4,020 / 1,332,500 ( < 1 % )  ;
; R6 interconnects            ; 4,690 / 1,336,600 ( < 1 % )  ;
; Redundancy Muxes            ; 6 / 90,920 ( < 1 % )         ;
; Row Clock Tap-Offs          ; 1,630 / 396,060 ( < 1 % )    ;
; Switchbox_clock_muxes       ; 145 / 13,440 ( 1 % )         ;
; VIO Buffers                 ; 888 / 19,200 ( 5 % )         ;
; Vertical_seam_tap_muxes     ; 133 / 6,720 ( 2 % )          ;
+-----------------------------+------------------------------+


+-------------------+
; Finalize Messages ;
+-------------------+
Info (20030): Parallel compilation is enabled and will use 6 of the 6 processors detected
Info: *******************************************************************
Info: Running Quartus Prime Fitter
    Info: Version 22.4.0 Build 94 12/07/2022 SC Pro Edition
    Info: Processing started: Thu Jan  4 12:26:14 2024
    Info: System process ID: 40245
Info: Command: quartus_fit --read_settings_files=on --write_settings_files=off ghrd_agfb014r24b2e2v -c ghrd_agfb014r24b2e2v
Info: qfit2_default_script.tcl version: #1
Info: Project  = ghrd_agfb014r24b2e2v
Info: Revision = ghrd_agfb014r24b2e2v
Info (21076): High junction temperature operating condition is not set. Assuming a default value of '100'.
Info (21076): Low junction temperature operating condition is not set. Assuming a default value of '0'.
Info (18258): Fitter Physical Synthesis operations beginning
Info (18259): Fitter Physical Synthesis operations ending: elapsed time is 00:00:05
Info (16557): Fitter post-fit operations ending: elapsed time is 00:01:05


